// Jest Snapshot v1, https://goo.gl/fbAQLP

exports[`Dropdown matches snapshot 1`] = `
.c0 {
  display: -webkit-box;
  display: -webkit-flex;
  display: -ms-flexbox;
  display: flex;
  -webkit-align-self: center;
  -ms-flex-item-align: center;
  align-self: center;
}

.c1 {
  background: transparent;
  border: none;
  display: -webkit-box;
  display: -webkit-flex;
  display: -ms-flexbox;
  display: flex;
  -webkit-align-items: 'center';
  -webkit-box-align: 'center';
  -ms-flex-align: 'center';
  align-items: 'center';
  -webkit-box-pack: 'center';
  -webkit-justify-content: 'center';
  -ms-flex-pack: 'center';
  justify-content: 'center';
}

.c1:hover {
  cursor: pointer;
}

.c2 {
  color: initial;
}

<div
  className="dropdown is-right is-up"
>
  <div
    className="c0"
  >
    <button
      className="c1"
      onClick={[Function]}
      type="button"
    >
      My Test Label
    </button>
  </div>
  <div
    className="dropdown-menu"
    id="dropdown-menu"
    role="menu"
  >
    <div
      className="dropdown-content has-text-left"
    >
      <a
        className="c2 dropdown-item is-link"
        href="#end"
        onClick={[Function]}
        role="menuitem"
        type="button"
      >
        Child 1
      </a>
      <a
        className="c2 dropdown-item is-link"
        href="#end"
        onClick={[Function]}
        role="menuitem"
        type="button"
      >
        Child 2
      </a>
      <hr
        className="dropdown-divider"
      />
      <a
        className="c2 dropdown-item is-link"
        href="#end"
        onClick={[Function]}
        role="menuitem"
        type="button"
      >
        Child 3
      </a>
    </div>
  </div>
</div>
`;
