// Jest Snapshot v1, https://goo.gl/fbAQLP

exports[`DropdownItem matches snapshot 1`] = `
.c0 {
  color: initial;
}

<a
  className="c0 dropdown-item is-link"
  href="#end"
  onClick={[Function]}
  role="menuitem"
  type="button"
>
  Item 1
</a>
`;
